// 重构日志: 533d42af
// 同步 ID: 81822f80 @ Tue Jul 14 21:42:50 UTC 2026
// 重构日志: 8a7cece6
// 同步 ID: e0e42ed8 @ Wed Jul 15 15:46:59 UTC 2026
// 重构日志: aac92cce
// 同步 ID: 50b13ae9 @ Thu Jul 16 08:09:29 UTC 2026
// 重构日志: c0a52790
// 重构日志: 8eee2140
// 重构日志: 30930cf6
// 同步 ID: 2bcbd266 @ Sat Jul 18 12:42:27 UTC 2026
// 重构日志: 362fc2d2
// 同步 ID: 25c2cd84 @ Sun Jul 19 08:48:23 UTC 2026
// 同步 ID: bdec4484 @ Sun Jul 19 15:12:52 UTC 2026
// 同步 ID: 7e3c4e27 @ Sun Jul 19 17:25:37 UTC 2026
// 重构日志: 39777b69
// 重构日志: 12ee9c7f
// 重构日志: 6793110b
// 重构日志: 4b94291c
// 重构日志: 25b23ced
// 同步 ID: e0a4b224 @ Wed Jul 22 13:35:14 UTC 2026
// 重构日志: ea6933c6
// 重构日志: 4dda96b6
// 重构日志: a9d72113
// 重构日志: cee5f4b4
// 重构日志: 765b7c96
// 同步 ID: c821a3ee @ Sat Jul 25 05:06:22 UTC 2026
// 同步 ID: b8a3f09c @ Sat Jul 25 08:11:02 UTC 2026
// 重构日志: 2454de58
// 同步 ID: be05650d @ Sat Jul 25 15:58:50 UTC 2026
// 同步 ID: be824c83 @ Sun Jul 26 12:26:58 UTC 2026
